// Jest Snapshot v1, https://goo.gl/fbAQLP

exports[`Section should render Section correctly 1`] = `
<div
  class="rc-section"
  style="min-height: 150px;"
>
  <div
    class="rc-section-header rc-section-header-sm"
  >
    test
  </div>
  <div
    class="rc-section-body rc-section-row"
    style="flex-direction: column; align-items: stretch;"
  >
    <span />
  </div>
</div>
`;
