// Jest Snapshot v1, https://goo.gl/fbAQLP

exports[`Accordion should render snapshot 1`] = `
<div
  class="rc-accordion rc-accordion-no-border"
  style="--max-height: 0px; --transition: cubic-bezier(0.19, 1, 0.22, 1); --title-color: #000;"
>
  <div
    aria-controls="accordion-body-oC0ubpBtY3_fTJNGK_WfO"
    aria-expanded="false"
    class="rc-accordion-header"
    id="accordion-vI5XCmI6IDJI56ma4y3hh"
    role="button"
  >
    <span
      class="rc-accordion-icon rc-accordion-icon-chevron"
    >
      <svg
        fill="none"
        stroke="currentColor"
        stroke-linecap="round"
        stroke-linejoin="round"
        stroke-width="2"
        viewBox="0 0 24 24"
        xmlns="http://www.w3.org/2000/svg"
      >
        <path
          d="M9 18l6-6-6-6"
        />
      </svg>
    </span>
    <span
      class="rc-accordion-title"
    />
  </div>
  <div
    aria-labelledby="accordion-vI5XCmI6IDJI56ma4y3hh"
    class="rc-accordion-body rc-accordion-close"
    id="accordion-body-oC0ubpBtY3_fTJNGK_WfO"
    style="--max-height: 0px; --transition: cubic-bezier(0.19, 1, 0.22, 1); --title-color: #000;"
  >
    <p>
      this is a test
    </p>
  </div>
</div>
`;
