// Jest Snapshot v1, https://goo.gl/fbAQLP

exports[`Transfer should render transfer snapshot 1`] = `
<div
  class="transfer-wrapper"
>
  <section
    class="transfer-column1"
  >
    <ul
      class="transfer-list"
      role="list"
    >
      <li
        class="transfer-list-item header"
        role="listitem"
      >
        <div
          aria-checked="false"
          aria-labelledby="label-HrK__nRgnfxAczo-rbnQI"
          class="rc-checkbox-wrapper rc-checkbox-sm"
          role="checkbox"
          tabindex="0"
        >
          <span
            class="rc-checkbox-icon rc-checkbox-sm"
            role="img"
          >
            <svg
              class="prefix__feather prefix__feather-check"
              fill="none"
              stroke="currentColor"
              stroke-linecap="round"
              stroke-linejoin="round"
              stroke-width="2"
              viewBox="0 0 24 24"
              xmlns="http://www.w3.org/2000/svg"
            >
              <path
                d="M20 6L9 17l-5-5"
              />
            </svg>
          </span>
          <label
            class="rc-checkbox-label rc-checkbox-label-sm"
            id="label-HrK__nRgnfxAczo-rbnQI"
          />
        </div>
        <div
          class="transfer-search-input"
        >
          <div
            class="rc-input rc-input-default"
            role="textbox"
          >
            <span
              class="rc-input-icon"
            >
              <svg
                class="prefix__feather prefix__feather-search"
                fill="none"
                stroke="currentColor"
                stroke-linecap="round"
                stroke-linejoin="round"
                stroke-width="2"
                viewBox="0 0 24 24"
              >
                <circle
                  cx="11"
                  cy="11"
                  r="8"
                />
                <path
                  d="M21 21l-4.35-4.35"
                />
              </svg>
            </span>
            <input
              placeholder="Search ..."
              tabindex="0"
              type="text"
              value=""
            />
            <span
              class="rc-input-clear hidden"
              role="button"
            >
              <svg
                fill="none"
                stroke="currentColor"
                stroke-linecap="round"
                stroke-linejoin="round"
                stroke-width="2"
                viewBox="0 0 24 24"
              >
                <path
                  d="M18 6L6 18M6 6l12 12"
                />
              </svg>
            </span>
          </div>
        </div>
      </li>
      <li
        class="transfer-list-item"
        role="listitem"
      >
        <div
          aria-checked="false"
          aria-labelledby="label--J_ejfHeVJHnpYcW-hzoa"
          class="rc-checkbox-wrapper rc-checkbox-sm"
          role="checkbox"
          tabindex="0"
        >
          <span
            class="rc-checkbox-icon rc-checkbox-sm"
            role="img"
          >
            <svg
              class="prefix__feather prefix__feather-check"
              fill="none"
              stroke="currentColor"
              stroke-linecap="round"
              stroke-linejoin="round"
              stroke-width="2"
              viewBox="0 0 24 24"
              xmlns="http://www.w3.org/2000/svg"
            >
              <path
                d="M20 6L9 17l-5-5"
              />
            </svg>
          </span>
          <label
            class="rc-checkbox-label rc-checkbox-label-sm"
            id="label--J_ejfHeVJHnpYcW-hzoa"
          >
            one
          </label>
        </div>
      </li>
      <li
        class="transfer-list-item"
        role="listitem"
      >
        <div
          aria-checked="false"
          aria-labelledby="label-x9MW8SAmuHH42EkP42scM"
          class="rc-checkbox-wrapper rc-checkbox-sm"
          role="checkbox"
          tabindex="0"
        >
          <span
            class="rc-checkbox-icon rc-checkbox-sm"
            role="img"
          >
            <svg
              class="prefix__feather prefix__feather-check"
              fill="none"
              stroke="currentColor"
              stroke-linecap="round"
              stroke-linejoin="round"
              stroke-width="2"
              viewBox="0 0 24 24"
              xmlns="http://www.w3.org/2000/svg"
            >
              <path
                d="M20 6L9 17l-5-5"
              />
            </svg>
          </span>
          <label
            class="rc-checkbox-label rc-checkbox-label-sm"
            id="label-x9MW8SAmuHH42EkP42scM"
          >
            two
          </label>
        </div>
      </li>
      <li
        class="transfer-list-item"
        role="listitem"
      >
        <div
          aria-checked="false"
          aria-labelledby="label-TO-EFsVpQfub3z2S2XYrW"
          class="rc-checkbox-wrapper rc-checkbox-sm"
          role="checkbox"
          tabindex="0"
        >
          <span
            class="rc-checkbox-icon rc-checkbox-sm"
            role="img"
          >
            <svg
              class="prefix__feather prefix__feather-check"
              fill="none"
              stroke="currentColor"
              stroke-linecap="round"
              stroke-linejoin="round"
              stroke-width="2"
              viewBox="0 0 24 24"
              xmlns="http://www.w3.org/2000/svg"
            >
              <path
                d="M20 6L9 17l-5-5"
              />
            </svg>
          </span>
          <label
            class="rc-checkbox-label rc-checkbox-label-sm"
            id="label-TO-EFsVpQfub3z2S2XYrW"
          >
            five
          </label>
        </div>
      </li>
      <li
        class="transfer-list-item"
        role="listitem"
      >
        <div
          aria-checked="false"
          aria-labelledby="label-IgksE0CyLqMgaEo0sa2jw"
          class="rc-checkbox-wrapper rc-checkbox-sm"
          role="checkbox"
          tabindex="0"
        >
          <span
            class="rc-checkbox-icon rc-checkbox-sm"
            role="img"
          >
            <svg
              class="prefix__feather prefix__feather-check"
              fill="none"
              stroke="currentColor"
              stroke-linecap="round"
              stroke-linejoin="round"
              stroke-width="2"
              viewBox="0 0 24 24"
              xmlns="http://www.w3.org/2000/svg"
            >
              <path
                d="M20 6L9 17l-5-5"
              />
            </svg>
          </span>
          <label
            class="rc-checkbox-label rc-checkbox-label-sm"
            id="label-IgksE0CyLqMgaEo0sa2jw"
          >
            six
          </label>
        </div>
      </li>
    </ul>
  </section>
  <section
    class="transfer-control-column"
  >
    <button
      class="rc-btn-disabled rc-btn-md rc-btn-icon"
      role="button"
      tabindex="0"
    >
      <span
        class="rc-btn-icon-container"
      >
        <svg
          fill="none"
          height="24"
          stroke="currentColor"
          stroke-linecap="round"
          stroke-linejoin="round"
          stroke-width="2"
          viewBox="0 0 24 24"
          width="24"
          xmlns="http://www.w3.org/2000/svg"
        >
          <path
            d="M9 18l6-6-6-6"
          />
        </svg>
      </span>
    </button>
    <button
      class="rc-btn-disabled rc-btn-md rc-btn-icon"
      role="button"
      style="transform: rotate(180deg);"
      tabindex="0"
    >
      <span
        class="rc-btn-icon-container"
      >
        <svg
          fill="none"
          height="24"
          stroke="currentColor"
          stroke-linecap="round"
          stroke-linejoin="round"
          stroke-width="2"
          viewBox="0 0 24 24"
          width="24"
          xmlns="http://www.w3.org/2000/svg"
        >
          <path
            d="M9 18l6-6-6-6"
          />
        </svg>
      </span>
    </button>
  </section>
  <section
    class="transfer-column2"
  >
    <ul
      class="transfer-list"
      role="list"
    >
      <li
        class="transfer-list-item header"
        role="listitem"
      >
        <div
          aria-checked="false"
          aria-labelledby="label-af6DvIFHmTYmEXcOGDzPW"
          class="rc-checkbox-wrapper rc-checkbox-sm"
          role="checkbox"
          tabindex="0"
        >
          <span
            class="rc-checkbox-icon rc-checkbox-sm"
            role="img"
          >
            <svg
              class="prefix__feather prefix__feather-check"
              fill="none"
              stroke="currentColor"
              stroke-linecap="round"
              stroke-linejoin="round"
              stroke-width="2"
              viewBox="0 0 24 24"
              xmlns="http://www.w3.org/2000/svg"
            >
              <path
                d="M20 6L9 17l-5-5"
              />
            </svg>
          </span>
          <label
            class="rc-checkbox-label rc-checkbox-label-sm"
            id="label-af6DvIFHmTYmEXcOGDzPW"
          />
        </div>
        <div
          class="transfer-search-input"
        >
          <div
            class="rc-input rc-input-default"
            role="textbox"
          >
            <span
              class="rc-input-icon"
            >
              <svg
                class="prefix__feather prefix__feather-search"
                fill="none"
                stroke="currentColor"
                stroke-linecap="round"
                stroke-linejoin="round"
                stroke-width="2"
                viewBox="0 0 24 24"
              >
                <circle
                  cx="11"
                  cy="11"
                  r="8"
                />
                <path
                  d="M21 21l-4.35-4.35"
                />
              </svg>
            </span>
            <input
              placeholder="Search ..."
              tabindex="0"
              type="text"
              value=""
            />
            <span
              class="rc-input-clear hidden"
              role="button"
            >
              <svg
                fill="none"
                stroke="currentColor"
                stroke-linecap="round"
                stroke-linejoin="round"
                stroke-width="2"
                viewBox="0 0 24 24"
              >
                <path
                  d="M18 6L6 18M6 6l12 12"
                />
              </svg>
            </span>
          </div>
        </div>
      </li>
      <li
        class="transfer-list-item"
        role="listitem"
      >
        <div
          aria-checked="false"
          aria-labelledby="label-yIaWHsys7IQsnu5HM1din"
          class="rc-checkbox-wrapper rc-checkbox-sm"
          role="checkbox"
          tabindex="0"
        >
          <span
            class="rc-checkbox-icon rc-checkbox-sm"
            role="img"
          >
            <svg
              class="prefix__feather prefix__feather-check"
              fill="none"
              stroke="currentColor"
              stroke-linecap="round"
              stroke-linejoin="round"
              stroke-width="2"
              viewBox="0 0 24 24"
              xmlns="http://www.w3.org/2000/svg"
            >
              <path
                d="M20 6L9 17l-5-5"
              />
            </svg>
          </span>
          <label
            class="rc-checkbox-label rc-checkbox-label-sm"
            id="label-yIaWHsys7IQsnu5HM1din"
          >
            three
          </label>
        </div>
      </li>
      <li
        class="transfer-list-item"
        role="listitem"
      >
        <div
          aria-checked="false"
          aria-labelledby="label-7mzdKLeKlUoZ5VW51aMId"
          class="rc-checkbox-wrapper rc-checkbox-sm"
          role="checkbox"
          tabindex="0"
        >
          <span
            class="rc-checkbox-icon rc-checkbox-sm"
            role="img"
          >
            <svg
              class="prefix__feather prefix__feather-check"
              fill="none"
              stroke="currentColor"
              stroke-linecap="round"
              stroke-linejoin="round"
              stroke-width="2"
              viewBox="0 0 24 24"
              xmlns="http://www.w3.org/2000/svg"
            >
              <path
                d="M20 6L9 17l-5-5"
              />
            </svg>
          </span>
          <label
            class="rc-checkbox-label rc-checkbox-label-sm"
            id="label-7mzdKLeKlUoZ5VW51aMId"
          >
            four
          </label>
        </div>
      </li>
      <li
        class="transfer-list-item"
        role="listitem"
      >
        <div
          aria-checked="false"
          aria-labelledby="label-Liy9Tbs-H_usPFnVR-0Aa"
          class="rc-checkbox-wrapper rc-checkbox-sm"
          role="checkbox"
          tabindex="0"
        >
          <span
            class="rc-checkbox-icon rc-checkbox-sm"
            role="img"
          >
            <svg
              class="prefix__feather prefix__feather-check"
              fill="none"
              stroke="currentColor"
              stroke-linecap="round"
              stroke-linejoin="round"
              stroke-width="2"
              viewBox="0 0 24 24"
              xmlns="http://www.w3.org/2000/svg"
            >
              <path
                d="M20 6L9 17l-5-5"
              />
            </svg>
          </span>
          <label
            class="rc-checkbox-label rc-checkbox-label-sm"
            id="label-Liy9Tbs-H_usPFnVR-0Aa"
          >
            seven
          </label>
        </div>
      </li>
      <li
        class="transfer-list-item"
        role="listitem"
      >
        <div
          aria-checked="false"
          aria-labelledby="label-7amYrgGtztc2rX1KX3Rv3"
          class="rc-checkbox-wrapper rc-checkbox-sm"
          role="checkbox"
          tabindex="0"
        >
          <span
            class="rc-checkbox-icon rc-checkbox-sm"
            role="img"
          >
            <svg
              class="prefix__feather prefix__feather-check"
              fill="none"
              stroke="currentColor"
              stroke-linecap="round"
              stroke-linejoin="round"
              stroke-width="2"
              viewBox="0 0 24 24"
              xmlns="http://www.w3.org/2000/svg"
            >
              <path
                d="M20 6L9 17l-5-5"
              />
            </svg>
          </span>
          <label
            class="rc-checkbox-label rc-checkbox-label-sm"
            id="label-7amYrgGtztc2rX1KX3Rv3"
          >
            eight
          </label>
        </div>
      </li>
    </ul>
  </section>
</div>
`;
