// Jest Snapshot v1, https://goo.gl/fbAQLP

exports[`Transfer should render transfer snapshot 1`] = `
<div
  class="transfer-wrapper"
>
  <section
    class="transfer-column1"
  >
    <div
      class="rc-list"
      style="--min-height: 100px; --max-height: 350px;"
    >
      <div
        class="rc-list-options-wrapper"
      >
        <ul
          class="rc-list-options"
          role="listbox"
          style="--list-height: 185px;"
        >
          <li
            class="rc-list-option rc-list-option-multi-selection"
            role="option"
            style="top: 5px; height: 40px;"
          >
            <div
              class="rc-list-item-wrapper"
              style="width: 100%;"
              tabindex="0"
            >
              <span
                class="rc-list-item-checkbox-wrapper"
              >
                <div
                  aria-checked="false"
                  aria-labelledby="label-8mB7MyjhZBtfWXkdUFHtE"
                  class="rc-checkbox-wrapper rc-checkbox-sm rc-checkbox-hover rc-checkbox-focus"
                  role="checkbox"
                  tabindex="-1"
                >
                  <div
                    class="rc-checkbox rc-checkbox-sm"
                  >
                    <span
                      class="rc-checkbox-icon rc-checkbox-sm"
                      role="img"
                    >
                      <svg
                        class="prefix__feather prefix__feather-check"
                        fill="none"
                        stroke="currentColor"
                        stroke-linecap="round"
                        stroke-linejoin="round"
                        stroke-width="2"
                        viewBox="0 0 24 24"
                        xmlns="http://www.w3.org/2000/svg"
                      >
                        <path
                          d="M20 6L9 17l-5-5"
                        />
                      </svg>
                    </span>
                  </div>
                  <label
                    class="rc-checkbox-label rc-checkbox-label-sm"
                    id="label-8mB7MyjhZBtfWXkdUFHtE"
                  >
                    five
                  </label>
                </div>
              </span>
            </div>
          </li>
          <li
            class="rc-list-option rc-list-option-multi-selection"
            role="option"
            style="top: 50px; height: 40px;"
          >
            <div
              class="rc-list-item-wrapper"
              style="width: 100%;"
              tabindex="0"
            >
              <span
                class="rc-list-item-checkbox-wrapper"
              >
                <div
                  aria-checked="false"
                  aria-labelledby="label-M0E-9i16U4RDs2FHwSwUi"
                  class="rc-checkbox-wrapper rc-checkbox-sm rc-checkbox-hover rc-checkbox-focus"
                  role="checkbox"
                  tabindex="-1"
                >
                  <div
                    class="rc-checkbox rc-checkbox-sm"
                  >
                    <span
                      class="rc-checkbox-icon rc-checkbox-sm"
                      role="img"
                    >
                      <svg
                        class="prefix__feather prefix__feather-check"
                        fill="none"
                        stroke="currentColor"
                        stroke-linecap="round"
                        stroke-linejoin="round"
                        stroke-width="2"
                        viewBox="0 0 24 24"
                        xmlns="http://www.w3.org/2000/svg"
                      >
                        <path
                          d="M20 6L9 17l-5-5"
                        />
                      </svg>
                    </span>
                  </div>
                  <label
                    class="rc-checkbox-label rc-checkbox-label-sm"
                    id="label-M0E-9i16U4RDs2FHwSwUi"
                  >
                    one
                  </label>
                </div>
              </span>
            </div>
          </li>
          <li
            class="rc-list-option rc-list-option-multi-selection"
            role="option"
            style="top: 95px; height: 40px;"
          >
            <div
              class="rc-list-item-wrapper"
              style="width: 100%;"
              tabindex="0"
            >
              <span
                class="rc-list-item-checkbox-wrapper"
              >
                <div
                  aria-checked="false"
                  aria-labelledby="label-Vm0_ww9rLftM81yNm79zm"
                  class="rc-checkbox-wrapper rc-checkbox-sm rc-checkbox-hover rc-checkbox-focus"
                  role="checkbox"
                  tabindex="-1"
                >
                  <div
                    class="rc-checkbox rc-checkbox-sm"
                  >
                    <span
                      class="rc-checkbox-icon rc-checkbox-sm"
                      role="img"
                    >
                      <svg
                        class="prefix__feather prefix__feather-check"
                        fill="none"
                        stroke="currentColor"
                        stroke-linecap="round"
                        stroke-linejoin="round"
                        stroke-width="2"
                        viewBox="0 0 24 24"
                        xmlns="http://www.w3.org/2000/svg"
                      >
                        <path
                          d="M20 6L9 17l-5-5"
                        />
                      </svg>
                    </span>
                  </div>
                  <label
                    class="rc-checkbox-label rc-checkbox-label-sm"
                    id="label-Vm0_ww9rLftM81yNm79zm"
                  >
                    six
                  </label>
                </div>
              </span>
            </div>
          </li>
          <li
            class="rc-list-option rc-list-option-multi-selection"
            role="option"
            style="top: 140px; height: 40px;"
          >
            <div
              class="rc-list-item-wrapper"
              style="width: 100%;"
              tabindex="0"
            >
              <span
                class="rc-list-item-checkbox-wrapper"
              >
                <div
                  aria-checked="false"
                  aria-labelledby="label-dLdVd9KfW5qt90Tul_PUI"
                  class="rc-checkbox-wrapper rc-checkbox-sm rc-checkbox-hover rc-checkbox-focus"
                  role="checkbox"
                  tabindex="-1"
                >
                  <div
                    class="rc-checkbox rc-checkbox-sm"
                  >
                    <span
                      class="rc-checkbox-icon rc-checkbox-sm"
                      role="img"
                    >
                      <svg
                        class="prefix__feather prefix__feather-check"
                        fill="none"
                        stroke="currentColor"
                        stroke-linecap="round"
                        stroke-linejoin="round"
                        stroke-width="2"
                        viewBox="0 0 24 24"
                        xmlns="http://www.w3.org/2000/svg"
                      >
                        <path
                          d="M20 6L9 17l-5-5"
                        />
                      </svg>
                    </span>
                  </div>
                  <label
                    class="rc-checkbox-label rc-checkbox-label-sm"
                    id="label-dLdVd9KfW5qt90Tul_PUI"
                  >
                    two
                  </label>
                </div>
              </span>
            </div>
          </li>
        </ul>
      </div>
    </div>
  </section>
  <section
    class="transfer-control-column"
  >
    <button
      class="rc-disabled rc-btn-md rc-btn-icon rc-btn"
      role="button"
      tabindex="0"
    >
      <span
        class="rc-btn-icon-container"
      >
        <svg
          fill="none"
          stroke="currentColor"
          stroke-linecap="round"
          stroke-linejoin="round"
          stroke-width="2"
          viewBox="0 0 24 24"
          xmlns="http://www.w3.org/2000/svg"
        >
          <path
            d="M9 18l6-6-6-6"
          />
        </svg>
      </span>
    </button>
    <button
      class="rc-disabled rc-btn-md rc-btn-icon rc-btn"
      role="button"
      style="transform: rotate(180deg);"
      tabindex="0"
    >
      <span
        class="rc-btn-icon-container"
      >
        <svg
          fill="none"
          stroke="currentColor"
          stroke-linecap="round"
          stroke-linejoin="round"
          stroke-width="2"
          viewBox="0 0 24 24"
          xmlns="http://www.w3.org/2000/svg"
        >
          <path
            d="M9 18l6-6-6-6"
          />
        </svg>
      </span>
    </button>
  </section>
  <section
    class="transfer-column2"
  >
    <div
      class="rc-list"
      style="--min-height: 100px; --max-height: 350px;"
    >
      <div
        class="rc-list-options-wrapper"
      >
        <ul
          class="rc-list-options"
          role="listbox"
          style="--list-height: 185px;"
        >
          <li
            class="rc-list-option rc-list-option-multi-selection"
            role="option"
            style="top: 5px; height: 40px;"
          >
            <div
              class="rc-list-item-wrapper"
              style="width: 100%;"
              tabindex="0"
            >
              <span
                class="rc-list-item-checkbox-wrapper"
              >
                <div
                  aria-checked="false"
                  aria-labelledby="label-gVJZNia6OYP0r8uZ9rHqz"
                  class="rc-checkbox-wrapper rc-checkbox-sm rc-checkbox-hover rc-checkbox-focus"
                  role="checkbox"
                  tabindex="-1"
                >
                  <div
                    class="rc-checkbox rc-checkbox-sm"
                  >
                    <span
                      class="rc-checkbox-icon rc-checkbox-sm"
                      role="img"
                    >
                      <svg
                        class="prefix__feather prefix__feather-check"
                        fill="none"
                        stroke="currentColor"
                        stroke-linecap="round"
                        stroke-linejoin="round"
                        stroke-width="2"
                        viewBox="0 0 24 24"
                        xmlns="http://www.w3.org/2000/svg"
                      >
                        <path
                          d="M20 6L9 17l-5-5"
                        />
                      </svg>
                    </span>
                  </div>
                  <label
                    class="rc-checkbox-label rc-checkbox-label-sm"
                    id="label-gVJZNia6OYP0r8uZ9rHqz"
                  >
                    eight
                  </label>
                </div>
              </span>
            </div>
          </li>
          <li
            class="rc-list-option rc-list-option-multi-selection"
            role="option"
            style="top: 50px; height: 40px;"
          >
            <div
              class="rc-list-item-wrapper"
              style="width: 100%;"
              tabindex="0"
            >
              <span
                class="rc-list-item-checkbox-wrapper"
              >
                <div
                  aria-checked="false"
                  aria-labelledby="label-9ej9-UUpUJo1PtIB7KBAi"
                  class="rc-checkbox-wrapper rc-checkbox-sm rc-checkbox-hover rc-checkbox-focus"
                  role="checkbox"
                  tabindex="-1"
                >
                  <div
                    class="rc-checkbox rc-checkbox-sm"
                  >
                    <span
                      class="rc-checkbox-icon rc-checkbox-sm"
                      role="img"
                    >
                      <svg
                        class="prefix__feather prefix__feather-check"
                        fill="none"
                        stroke="currentColor"
                        stroke-linecap="round"
                        stroke-linejoin="round"
                        stroke-width="2"
                        viewBox="0 0 24 24"
                        xmlns="http://www.w3.org/2000/svg"
                      >
                        <path
                          d="M20 6L9 17l-5-5"
                        />
                      </svg>
                    </span>
                  </div>
                  <label
                    class="rc-checkbox-label rc-checkbox-label-sm"
                    id="label-9ej9-UUpUJo1PtIB7KBAi"
                  >
                    four
                  </label>
                </div>
              </span>
            </div>
          </li>
          <li
            class="rc-list-option rc-list-option-multi-selection"
            role="option"
            style="top: 95px; height: 40px;"
          >
            <div
              class="rc-list-item-wrapper"
              style="width: 100%;"
              tabindex="0"
            >
              <span
                class="rc-list-item-checkbox-wrapper"
              >
                <div
                  aria-checked="false"
                  aria-labelledby="label-yKqx7WyD356dYyFvejerx"
                  class="rc-checkbox-wrapper rc-checkbox-sm rc-checkbox-hover rc-checkbox-focus"
                  role="checkbox"
                  tabindex="-1"
                >
                  <div
                    class="rc-checkbox rc-checkbox-sm"
                  >
                    <span
                      class="rc-checkbox-icon rc-checkbox-sm"
                      role="img"
                    >
                      <svg
                        class="prefix__feather prefix__feather-check"
                        fill="none"
                        stroke="currentColor"
                        stroke-linecap="round"
                        stroke-linejoin="round"
                        stroke-width="2"
                        viewBox="0 0 24 24"
                        xmlns="http://www.w3.org/2000/svg"
                      >
                        <path
                          d="M20 6L9 17l-5-5"
                        />
                      </svg>
                    </span>
                  </div>
                  <label
                    class="rc-checkbox-label rc-checkbox-label-sm"
                    id="label-yKqx7WyD356dYyFvejerx"
                  >
                    seven
                  </label>
                </div>
              </span>
            </div>
          </li>
          <li
            class="rc-list-option rc-list-option-multi-selection"
            role="option"
            style="top: 140px; height: 40px;"
          >
            <div
              class="rc-list-item-wrapper"
              style="width: 100%;"
              tabindex="0"
            >
              <span
                class="rc-list-item-checkbox-wrapper"
              >
                <div
                  aria-checked="false"
                  aria-labelledby="label-aSMgWpbtxSbBrabfDfSkT"
                  class="rc-checkbox-wrapper rc-checkbox-sm rc-checkbox-hover rc-checkbox-focus"
                  role="checkbox"
                  tabindex="-1"
                >
                  <div
                    class="rc-checkbox rc-checkbox-sm"
                  >
                    <span
                      class="rc-checkbox-icon rc-checkbox-sm"
                      role="img"
                    >
                      <svg
                        class="prefix__feather prefix__feather-check"
                        fill="none"
                        stroke="currentColor"
                        stroke-linecap="round"
                        stroke-linejoin="round"
                        stroke-width="2"
                        viewBox="0 0 24 24"
                        xmlns="http://www.w3.org/2000/svg"
                      >
                        <path
                          d="M20 6L9 17l-5-5"
                        />
                      </svg>
                    </span>
                  </div>
                  <label
                    class="rc-checkbox-label rc-checkbox-label-sm"
                    id="label-aSMgWpbtxSbBrabfDfSkT"
                  >
                    three
                  </label>
                </div>
              </span>
            </div>
          </li>
        </ul>
      </div>
    </div>
  </section>
</div>
`;
