// Jest Snapshot v1, https://goo.gl/fbAQLP

exports[`Tabs should render snapshot 1`] = `
<div
  class="rc-tab-headers rc-tab-headers-flat"
  role="tablist"
>
  <div
    aria-controls="rc-tab-panel-sHMSPWnvtwFltSimvUTqL"
    aria-selected="true"
    class="rc-tab-head rc-tab-head-flat"
    id="rc-tab-sHMSPWnvtwFltSimvUTqL"
    role="tab"
    tabindex="-1"
  >
    <span
      class="rc-tab-header-label rc-tab-header-selected rc-tab-header-flat"
    >
      one
    </span>
  </div>
  <div
    aria-controls="rc-tab-panel-dxVVU5LbKLBrJqwWR9K5W"
    aria-selected="false"
    class="rc-tab-head rc-tab-head-flat"
    id="rc-tab-dxVVU5LbKLBrJqwWR9K5W"
    role="tab"
    tabindex="-1"
  >
    <span
      class="rc-tab-header-label rc-tab-header-flat"
    >
      two
    </span>
  </div>
  <div
    aria-controls="rc-tab-panel-FQvmDIJs1bGaPTXWUD4MM"
    aria-selected="false"
    class="rc-tab-head rc-tab-head-flat"
    id="rc-tab-FQvmDIJs1bGaPTXWUD4MM"
    role="tab"
    tabindex="-1"
  >
    <span
      class="rc-tab-header-label rc-tab-header-flat"
    >
      three
    </span>
  </div>
</div>
`;
