// Jest Snapshot v1, https://goo.gl/fbAQLP

exports[`Tabs should render snapshot 1`] = `
<div
  class="rc-tabs"
  role="tab"
  style="--min-width: 100%;"
>
  <header
    class="rc-tab-headers-wrapper rc-tab-headers-wrapper-flat"
  >
    <ul
      class="rc-tab-headers rc-tab-headers-flat"
    >
      <li
        class="rc-tab-head rc-tab-head-flat"
        tabindex="-1"
      >
        <span
          class="rc-tab-header-label rc-tab-header-selected rc-tab-header-flat"
        >
          one
        </span>
      </li>
      <li
        class="rc-tab-head rc-tab-head-flat"
        tabindex="-1"
      >
        <span
          class="rc-tab-header-label rc-tab-header-flat"
        >
          two
        </span>
      </li>
      <li
        class="rc-tab-head rc-tab-head-flat"
        tabindex="-1"
      >
        <span
          class="rc-tab-header-label rc-tab-header-flat"
        >
          three
        </span>
      </li>
    </ul>
  </header>
  <ul
    class="rc-tab-panels"
  >
    <li
      class="rc-tab-panel"
      role="tabpanel"
    >
      <span>
        one content
      </span>
    </li>
  </ul>
</div>
`;
