// Jest Snapshot v1, https://goo.gl/fbAQLP

exports[`Tabs should render snapshot 1`] = `
<div
  class="rc-tabs"
  role="tab"
  style="--min-width: 300px;"
>
  <header
    class="rc-tab-headers-wrapper"
  >
    <ul
      class="rc-tab-headers"
    >
      <li
        class="rc-tab-head"
        tabindex="0"
      >
        <span
          class="rc-tab-header-label rc-tab-header-selected"
        >
          one
        </span>
      </li>
      <li
        class="rc-tab-head"
        tabindex="0"
      >
        <span
          class="rc-tab-header-label"
        >
          two
        </span>
      </li>
      <li
        class="rc-tab-head"
        tabindex="0"
      >
        <span
          class="rc-tab-header-label"
        >
          three
        </span>
      </li>
    </ul>
    <div
      class="rc-tab-headers-control"
    />
  </header>
  <ul
    class="rc-tab-panels"
  >
    <li
      class="rc-tab-panel"
      role="tabpanel"
    >
      <span>
        one content
      </span>
    </li>
  </ul>
</div>
`;
