// Jest Snapshot v1, https://goo.gl/fbAQLP

exports[`Carousel items Should render carousel items snapshot 1`] = `
<ul
  class="rc-carousel"
  role="list"
  style="width: 600px; transform: translateX(-300px);"
>
  <li
    class="rc-carousel-item"
    data-visible="false"
    role="listitem"
    style="width: 300px; visibility: visible; top: 0px; left: 0px;"
  >
    <div
      class="rc-carousel-item-container"
    >
      <span>
        one
      </span>
    </div>
  </li>
  <li
    class="rc-carousel-item"
    data-visible="true"
    role="listitem"
    style="width: 300px; visibility: visible; top: 0px; left: 300px;"
  >
    <div
      class="rc-carousel-item-container"
    >
      <span>
        two
      </span>
    </div>
  </li>
</ul>
`;
