// Jest Snapshot v1, https://goo.gl/fbAQLP

exports[`Tabs should render snapshot 1`] = `
<div
  class="rc-tab-headers rc-tab-headers-flat"
  role="tablist"
>
  <div
    aria-controls="rc-tab-panel-N8l4Ot3hyB1W9h-wWzGcz"
    aria-selected="true"
    class="rc-tab-head rc-tab-head-flat"
    id="rc-tab-N8l4Ot3hyB1W9h-wWzGcz"
    role="tab"
    tabindex="-1"
  >
    <span
      class="rc-tab-header-label rc-tab-header-selected rc-tab-header-flat"
    >
      one
    </span>
  </div>
  <div
    aria-controls="rc-tab-panel-uG9f8waDksbDqTNxm9Jo2"
    aria-selected="false"
    class="rc-tab-head rc-tab-head-flat"
    id="rc-tab-uG9f8waDksbDqTNxm9Jo2"
    role="tab"
    tabindex="-1"
  >
    <span
      class="rc-tab-header-label rc-tab-header-flat"
    >
      two
    </span>
  </div>
  <div
    aria-controls="rc-tab-panel-KK6ECflvlMKxptW-Ks_v2"
    aria-selected="false"
    class="rc-tab-head rc-tab-head-flat"
    id="rc-tab-KK6ECflvlMKxptW-Ks_v2"
    role="tab"
    tabindex="-1"
  >
    <span
      class="rc-tab-header-label rc-tab-header-flat"
    >
      three
    </span>
  </div>
</div>
`;
